// Jest Snapshot v1, https://goo.gl/fbAQLP

exports[`renders correctly 1`] = `
<View
  style={
    Array [
      Object {
        "backgroundColor": "#ffffff",
      },
      Object {
        "flex": 1,
      },
    ]
  }
>
  <RCTScrollView
    data={Array []}
    disableVirtualization={false}
    getItem={[Function]}
    getItemCount={[Function]}
    horizontal={false}
    initialNumToRender={10}
    keyExtractor={[Function]}
    maxToRenderPerBatch={10}
    onContentSizeChange={[Function]}
    onEndReachedThreshold={2}
    onLayout={[Function]}
    onMomentumScrollEnd={[Function]}
    onScroll={[Function]}
    onScrollBeginDrag={[Function]}
    onScrollEndDrag={[Function]}
    removeClippedSubviews={false}
    renderItem={[Function]}
    scrollEventThrottle={50}
    stickyHeaderIndices={Array []}
    style={
      Object {
        "marginBottom": 5,
        "marginTop": 30,
      }
    }
    updateCellsBatchingPeriod={50}
    viewabilityConfigCallbackPairs={Array []}
    windowSize={21}
  >
    <View />
  </RCTScrollView>
  <View
    style={
      Array [
        Object {
          "backgroundColor": "#ffffff",
        },
        Object {
          "alignSelf": "center",
        },
      ]
    }
  >
    <View>
      <ViewManagerAdapter_ExpoAdsAdMobBannerView
        proxiedProperties={
          Object {
            "adUnitID": "ca-app-pub-3940256099942544/6300978111",
            "additionalRequestParams": Object {},
            "bannerSize": "banner",
            "onAdViewDidDismissScreen": undefined,
            "onAdViewDidReceiveAd": undefined,
            "onAdViewWillDismissScreen": undefined,
            "onAdViewWillLeaveApplication": undefined,
            "onAdViewWillPresentScreen": undefined,
            "onDidFailToReceiveAdWithError": [Function],
            "onSizeChange": [Function],
          }
        }
        style={Object {}}
      />
    </View>
  </View>
</View>
`;
